---
source: crates/driver/tests/frontend.rs
expression: snap
---
blocks_marked.bas:8:10: error: cannot store a string in a number variable
blocks_marked.bas:11:10: error: cannot store a string in a number variable
blocks_marked.bas:15:10: error: cannot store a string in a number variable
blocks_marked.bas:18:10: error: cannot store a string in a number variable
blocks_marked.bas:20:10: error: cannot store a string in a number variable
blocks_marked.bas:22:10: error: cannot store a string in a number variable
blocks_marked.bas:24:16: error: cannot store a string in a number variable
blocks_marked.bas:24:33: error: cannot store a string in a number variable
blocks_marked.bas:25:1: error: not supported yet: `SELECT CASE`
blocks_marked.bas:27:14: error: cannot store a string in a number variable
blocks_marked.bas:32:1: error: not supported yet: `DECLARE LIBRARY`
blocks_marked.bas:35:1: error: `DEF FN` is not available in QB64; use a FUNCTION
blocks_marked.bas:36:1: error: `DEF FN` is not available in QB64; use a FUNCTION
blocks_marked.bas:37:10: error: cannot store a string in a number variable
