---
source: crates/driver/tests/frontend.rs
expression: snap
---
files_errors.bas:14:23: error: argument 2 of `OPEN` needs a number
files_errors.bas:15:6: error: argument 1 of `OPEN` needs a string
files_errors.bas:16:33: error: argument 3 of `OPEN` needs a number
files_errors.bas:17:6: error: argument 1 of `OPEN` needs a string
files_errors.bas:18:7: error: `CLOSE` needs file numbers
files_errors.bas:19:6: error: argument 1 of `SEEK` needs a number
files_errors.bas:20:9: error: argument 2 of `SEEK` needs a number
files_errors.bas:21:8: error: the file number of `PRINT #` must be a number
files_errors.bas:22:15: error: the items of `PRINT #` need `;` or `,` between them
files_errors.bas:23:15: error: the items of `PRINT #` need `;` or `,` between them
files_errors.bas:24:8: error: the file number of `WRITE #` must be a number
files_errors.bas:25:11: error: `INPUT` needs a variable here
files_errors.bas:26:11: error: `INPUT` needs a variable here
files_errors.bas:27:11: error: cannot assign to the constant `c`
files_errors.bas:28:11: error: a whole `TYPE` variable cannot be a target of `INPUT`
files_errors.bas:29:14: error: expected an expression
files_errors.bas:30:1: error: `LINE INPUT` needs a string variable
files_errors.bas:31:1: error: `LINE INPUT` takes one string variable
files_errors.bas:32:16: error: `LINE INPUT` needs a variable here
files_errors.bas:33:8: error: the file number of `INPUT #` must be a number
files_errors.bas:34:11: error: `EOF` needs a number
files_errors.bas:35:7: error: not supported yet: `EOF`
files_errors.bas:36:7: error: `FREEFILE` takes 0 arguments
files_errors.bas:37:7: error: `FREEFILE` with empty parentheses
files_errors.bas:38:7: error: `_CWD$` takes 0 arguments
files_errors.bas:39:19: error: `_FILEEXISTS` needs a string
files_errors.bas:40:7: error: `SEEK` takes 1 argument
files_errors.bas:41:7: error: `LOF` with empty parentheses
files_errors.bas:42:11: error: not supported yet: the whole array `arr()`
files_errors.bas:43:11: error: not supported yet: a member of an array element as a target of `INPUT`
files_errors.bas:44:11: error: not supported yet: `TAB`
files_errors.bas:45:11: error: not supported yet: `PRINT USING`
files_errors.bas:46:7: error: expected an expression
files_errors.bas:49:15: error: the FUNCTION's own name cannot be a target of `INPUT`
files_errors.bas:53:20: error: the FUNCTION's own name cannot be a target of `LINE INPUT`
