---
source: crates/driver/tests/frontend.rs
expression: snap
---
line_numbers.bas:6:1: error: not supported yet: line numbers
line_numbers.bas:7:6: error: not supported yet: line numbers
line_numbers.bas:8:7: error: not supported yet: line numbers
line_numbers.bas:10:6: error: a line number must stand first on its line
line_numbers.bas:11:10: error: a line number must stand first on its line
