---
source: crates/driver/tests/frontend.rs
assertion_line: 107
expression: snap
---
==> global.txt <==
template <typename QBL, typename QBR> static inline auto qb_safe_idiv(QBL qb_l,QBR qb_r)->decltype(qb_l/qb_r){if (!qb_r){error(11);return (decltype(qb_l/qb_r))0;}if constexpr (std::is_signed_v<decltype(qb_l/qb_r)>&&std::is_integral_v<decltype(qb_l/qb_r)>){if (qb_r==-1&&qb_l==std::numeric_limits<decltype(qb_l/qb_r)>::min()){error(6);return qb_l;}}return qb_l/qb_r;}
template <typename QBL, typename QBR> static inline auto qb_safe_mod(QBL qb_l,QBR qb_r)->decltype(qb_l%qb_r){if (!qb_r){error(11);return (decltype(qb_l%qb_r))0;}if constexpr (std::is_signed_v<decltype(qb_l%qb_r)>){if (qb_r==-1)return (decltype(qb_l%qb_r))0;}return qb_l%qb_r;}
float *__SINGLE_A=NULL;
qbs *__STRING_S=NULL;
float *__SINGLE_X=NULL;
int16 *__INTEGER_I=NULL;
int32 *__LONG_L=NULL;
double *__DOUBLE_D=NULL;
int16 *__INTEGER_X=NULL;
int64 *__INTEGER64_Q=NULL;
float *__SINGLE_S=NULL;
long double *__FLOAT_F=NULL;
int32 console=1;
int32 screen_hide_startup=0;
int32 asserts=0;
int32 vwatch=0;
ptrszint data_size=0;
uint8 *data=(uint8*)calloc(1,1);
==> clear.txt <==
*__SINGLE_A=0;
__STRING_S->len=0;
*__SINGLE_X=0;
*__INTEGER_I=0;
*__LONG_L=0;
*__DOUBLE_D=0;
*__INTEGER_X=0;
*__INTEGER64_Q=0;
*__SINGLE_S=0;
*__FLOAT_F=0;
==> maindata.txt <==
if(__SINGLE_A==NULL){
__SINGLE_A=(float*)mem_static_malloc(4);
*__SINGLE_A=0;
}
if (!__STRING_S)__STRING_S=qbs_new(0,0);
if(__SINGLE_X==NULL){
__SINGLE_X=(float*)mem_static_malloc(4);
*__SINGLE_X=0;
}
if(__INTEGER_I==NULL){
__INTEGER_I=(int16*)mem_static_malloc(2);
*__INTEGER_I=0;
}
if(__LONG_L==NULL){
__LONG_L=(int32*)mem_static_malloc(4);
*__LONG_L=0;
}
if(__DOUBLE_D==NULL){
__DOUBLE_D=(double*)mem_static_malloc(8);
*__DOUBLE_D=0;
}
if(__INTEGER_X==NULL){
__INTEGER_X=(int16*)mem_static_malloc(2);
*__INTEGER_X=0;
}
if(__INTEGER64_Q==NULL){
__INTEGER64_Q=(int64*)mem_static_malloc(8);
*__INTEGER64_Q=0;
}
if(__SINGLE_S==NULL){
__SINGLE_S=(float*)mem_static_malloc(4);
*__SINGLE_S=0;
}
if(__FLOAT_F==NULL){
__FLOAT_F=(long double*)mem_static_malloc(32);
*__FLOAT_F=0;
}
==> mainerr.txt <==
if (!error_handler_history) error_handler_history = qbs_new(0, 0);
if (error_occurred){ error_occurred=0;
exit(99);
}
==> main.txt <==
#include "main0.txt"
qbs *func__compdate() {
return qbs_new_txt(__DATE__);
}
qbs *func__comptime() {
return qbs_new_txt(__TIME__);
}
qbs *func__compvers() {
return qbs_new_txt("QB64-PE v4.7.0-GLFW-UNKNOWN");
}
==> main0.txt <==
error_track_line(0,0,NULL);
S_0:;
#line 2 "lowering_pairs_cpp.bas"
do{
#line 2 "lowering_pairs_cpp.bas"
sub__dest(func__console());
#line 2 "lowering_pairs_cpp.bas"
sub__source(func__console());
#line 2 "lowering_pairs_cpp.bas"
if(!qbevent)break;evnt(2);}while(r);
#line 5 "lowering_pairs_cpp.bas"
do{
#line 5 "lowering_pairs_cpp.bas"
tqbs=qbs_new(0,0);
#line 5 "lowering_pairs_cpp.bas"
qbs_set(tqbs,qbs_new_txt_len("x=",2));
#line 5 "lowering_pairs_cpp.bas"
if (is_error_pending()) goto skip1;
#line 5 "lowering_pairs_cpp.bas"
makefit(tqbs);
#line 5 "lowering_pairs_cpp.bas"
qbs_print(tqbs,0);
#line 5 "lowering_pairs_cpp.bas"
qbs_set(tqbs,qbs_add(qbs_str((float)(*__SINGLE_A)),qbs_new_txt(" ")));
#line 5 "lowering_pairs_cpp.bas"
if (is_error_pending()) goto skip1;
#line 5 "lowering_pairs_cpp.bas"
makefit(tqbs);
#line 5 "lowering_pairs_cpp.bas"
qbs_print(tqbs,0);
#line 5 "lowering_pairs_cpp.bas"
qbs_set(tqbs,qbs_add(qbs_str((int32)(func_instr(3,__STRING_S,qbs_new_txt_len("l",1),1))),qbs_new_txt(" ")));
#line 5 "lowering_pairs_cpp.bas"
if (is_error_pending()) goto skip1;
#line 5 "lowering_pairs_cpp.bas"
makefit(tqbs);
#line 5 "lowering_pairs_cpp.bas"
qbs_print(tqbs,0);
#line 5 "lowering_pairs_cpp.bas"
qbs_print(nothingstring,1);
#line 5 "lowering_pairs_cpp.bas"
skip1:
#line 5 "lowering_pairs_cpp.bas"
qbs_free(tqbs);
#line 5 "lowering_pairs_cpp.bas"
qbs_cleanup(qbs_tmp_base,0);
#line 5 "lowering_pairs_cpp.bas"
if(!qbevent)break;evnt(5);}while(r);
#line 6 "lowering_pairs_cpp.bas"
do{
#line 6 "lowering_pairs_cpp.bas"
tqbs=qbs_new(0,0);
#line 6 "lowering_pairs_cpp.bas"
qbs_set(tqbs,qbs_new_txt_len("a",1));
#line 6 "lowering_pairs_cpp.bas"
if (is_error_pending()) goto skip2;
#line 6 "lowering_pairs_cpp.bas"
makefit(tqbs);
#line 6 "lowering_pairs_cpp.bas"
qbs_print(tqbs,0);
#line 6 "lowering_pairs_cpp.bas"
qbs_set(tqbs,qbs_add(qbs_str((int16)(1)),qbs_new_txt(" ")));
#line 6 "lowering_pairs_cpp.bas"
if (is_error_pending()) goto skip2;
#line 6 "lowering_pairs_cpp.bas"
makefit(tqbs);
#line 6 "lowering_pairs_cpp.bas"
qbs_print(tqbs,0);
#line 6 "lowering_pairs_cpp.bas"
qbs_set(tqbs,qbs_add(qbs_str((float)(*__SINGLE_X)),qbs_new_txt(" ")));
#line 6 "lowering_pairs_cpp.bas"
if (is_error_pending()) goto skip2;
#line 6 "lowering_pairs_cpp.bas"
makefit(tqbs);
#line 6 "lowering_pairs_cpp.bas"
qbs_print(tqbs,0);
#line 6 "lowering_pairs_cpp.bas"
qbs_set(tqbs,qbs_new_txt_len("b",1));
#line 6 "lowering_pairs_cpp.bas"
if (is_error_pending()) goto skip2;
#line 6 "lowering_pairs_cpp.bas"
makefit(tqbs);
#line 6 "lowering_pairs_cpp.bas"
qbs_print(tqbs,0);
#line 6 "lowering_pairs_cpp.bas"
skip2:
#line 6 "lowering_pairs_cpp.bas"
qbs_free(tqbs);
#line 6 "lowering_pairs_cpp.bas"
qbs_cleanup(qbs_tmp_base,0);
#line 6 "lowering_pairs_cpp.bas"
if(!qbevent)break;evnt(6);}while(r);
#line 7 "lowering_pairs_cpp.bas"
do{
#line 7 "lowering_pairs_cpp.bas"
tqbs=qbs_new(0,0);
#line 7 "lowering_pairs_cpp.bas"
qbs_print(nothingstring,1);
#line 7 "lowering_pairs_cpp.bas"
skip3:
#line 7 "lowering_pairs_cpp.bas"
qbs_free(tqbs);
#line 7 "lowering_pairs_cpp.bas"
qbs_cleanup(qbs_tmp_base,0);
#line 7 "lowering_pairs_cpp.bas"
if(!qbevent)break;evnt(7);}while(r);
#line 8 "lowering_pairs_cpp.bas"
do{
#line 8 "lowering_pairs_cpp.bas"
tqbs=qbs_new(0,0);
#line 8 "lowering_pairs_cpp.bas"
qbs_set(tqbs,qbs_add(__STRING_S,qbs_new_txt_len("!",1)));
#line 8 "lowering_pairs_cpp.bas"
if (is_error_pending()) goto skip4;
#line 8 "lowering_pairs_cpp.bas"
makefit(tqbs);
#line 8 "lowering_pairs_cpp.bas"
qbs_print(tqbs,0);
#line 8 "lowering_pairs_cpp.bas"
qbs_set(tqbs,qbs_add(qbs_str((float)((-(*__SINGLE_A)))),qbs_new_txt(" ")));
#line 8 "lowering_pairs_cpp.bas"
if (is_error_pending()) goto skip4;
#line 8 "lowering_pairs_cpp.bas"
makefit(tqbs);
#line 8 "lowering_pairs_cpp.bas"
qbs_print(tqbs,0);
#line 8 "lowering_pairs_cpp.bas"
qbs_set(tqbs,qbs_add(qbs_str((float)(((float)(1.5E+0)))),qbs_new_txt(" ")));
#line 8 "lowering_pairs_cpp.bas"
if (is_error_pending()) goto skip4;
#line 8 "lowering_pairs_cpp.bas"
makefit(tqbs);
#line 8 "lowering_pairs_cpp.bas"
qbs_print(tqbs,0);
#line 8 "lowering_pairs_cpp.bas"
qbs_set(tqbs,qbs_add(qbs_str((long double)((((long double)(1))/ ((long double)(3))))),qbs_new_txt(" ")));
#line 8 "lowering_pairs_cpp.bas"
if (is_error_pending()) goto skip4;
#line 8 "lowering_pairs_cpp.bas"
makefit(tqbs);
#line 8 "lowering_pairs_cpp.bas"
qbs_print(tqbs,0);
#line 8 "lowering_pairs_cpp.bas"
qbs_print(nothingstring,1);
#line 8 "lowering_pairs_cpp.bas"
skip4:
#line 8 "lowering_pairs_cpp.bas"
qbs_free(tqbs);
#line 8 "lowering_pairs_cpp.bas"
qbs_cleanup(qbs_tmp_base,0);
#line 8 "lowering_pairs_cpp.bas"
if(!qbevent)break;evnt(8);}while(r);
#line 10 "lowering_pairs_cpp.bas"
do{
#line 10 "lowering_pairs_cpp.bas"
*__INTEGER_I=7;
#line 10 "lowering_pairs_cpp.bas"
if(!qbevent)break;evnt(10);}while(r);
#line 10 "lowering_pairs_cpp.bas"
do{
#line 10 "lowering_pairs_cpp.bas"
*__LONG_L=((int32)(*__INTEGER_I));
#line 10 "lowering_pairs_cpp.bas"
if(!qbevent)break;evnt(10);}while(r);
#line 10 "lowering_pairs_cpp.bas"
do{
#line 10 "lowering_pairs_cpp.bas"
*__INTEGER_I=((int16)(*__LONG_L));
#line 10 "lowering_pairs_cpp.bas"
if(!qbevent)break;evnt(10);}while(r);
#line 11 "lowering_pairs_cpp.bas"
do{
#line 11 "lowering_pairs_cpp.bas"
*__DOUBLE_D=2.5E+0;
#line 11 "lowering_pairs_cpp.bas"
if(!qbevent)break;evnt(11);}while(r);
#line 11 "lowering_pairs_cpp.bas"
do{
#line 11 "lowering_pairs_cpp.bas"
*__INTEGER_X=((int16)(qbr_float_to_long(((float)(*__DOUBLE_D)))));
#line 11 "lowering_pairs_cpp.bas"
if(!qbevent)break;evnt(11);}while(r);
#line 11 "lowering_pairs_cpp.bas"
do{
#line 11 "lowering_pairs_cpp.bas"
*__LONG_L=((int32)(qbr(*__DOUBLE_D)));
#line 11 "lowering_pairs_cpp.bas"
if(!qbevent)break;evnt(11);}while(r);
#line 11 "lowering_pairs_cpp.bas"
do{
#line 11 "lowering_pairs_cpp.bas"
*__INTEGER64_Q=qbr(*__DOUBLE_D);
#line 11 "lowering_pairs_cpp.bas"
if(!qbevent)break;evnt(11);}while(r);
#line 12 "lowering_pairs_cpp.bas"
do{
#line 12 "lowering_pairs_cpp.bas"
*__SINGLE_S=((float)(*__DOUBLE_D));
#line 12 "lowering_pairs_cpp.bas"
if(!qbevent)break;evnt(12);}while(r);
#line 12 "lowering_pairs_cpp.bas"
do{
#line 12 "lowering_pairs_cpp.bas"
*__DOUBLE_D=((double)(1));
#line 12 "lowering_pairs_cpp.bas"
if(!qbevent)break;evnt(12);}while(r);
#line 12 "lowering_pairs_cpp.bas"
do{
#line 12 "lowering_pairs_cpp.bas"
*__SINGLE_S=((float)(*__INTEGER_I));
#line 12 "lowering_pairs_cpp.bas"
if(!qbevent)break;evnt(12);}while(r);
#line 12 "lowering_pairs_cpp.bas"
do{
#line 12 "lowering_pairs_cpp.bas"
*__FLOAT_F=((long double)(*__SINGLE_S));
#line 12 "lowering_pairs_cpp.bas"
if(!qbevent)break;evnt(12);}while(r);
#line 14 "lowering_pairs_cpp.bas"
do{
#line 14 "lowering_pairs_cpp.bas"
tqbs=qbs_new(0,0);
#line 14 "lowering_pairs_cpp.bas"
qbs_set(tqbs,qbs_add(qbs_str((int32)(func_instr(NULL,__STRING_S,qbs_new_txt_len("l",1),0))),qbs_new_txt(" ")));
#line 14 "lowering_pairs_cpp.bas"
if (is_error_pending()) goto skip5;
#line 14 "lowering_pairs_cpp.bas"
makefit(tqbs);
#line 14 "lowering_pairs_cpp.bas"
qbs_print(tqbs,0);
#line 14 "lowering_pairs_cpp.bas"
qbs_set(tqbs,qbs_add(qbs_str((int32)(func_instr(3,__STRING_S,qbs_new_txt_len("l",1),1))),qbs_new_txt(" ")));
#line 14 "lowering_pairs_cpp.bas"
if (is_error_pending()) goto skip5;
#line 14 "lowering_pairs_cpp.bas"
makefit(tqbs);
#line 14 "lowering_pairs_cpp.bas"
qbs_print(tqbs,0);
#line 14 "lowering_pairs_cpp.bas"
qbs_set(tqbs,qbs_add(qbs_str((int32)(func_instr(((int32)(qbr(2.6E+0))),__STRING_S,qbs_new_txt_len("l",1),1))),qbs_new_txt(" ")));
#line 14 "lowering_pairs_cpp.bas"
if (is_error_pending()) goto skip5;
#line 14 "lowering_pairs_cpp.bas"
makefit(tqbs);
#line 14 "lowering_pairs_cpp.bas"
qbs_print(tqbs,0);
#line 14 "lowering_pairs_cpp.bas"
qbs_print(nothingstring,1);
#line 14 "lowering_pairs_cpp.bas"
skip5:
#line 14 "lowering_pairs_cpp.bas"
qbs_free(tqbs);
#line 14 "lowering_pairs_cpp.bas"
qbs_cleanup(qbs_tmp_base,0);
#line 14 "lowering_pairs_cpp.bas"
if(!qbevent)break;evnt(14);}while(r);
#line 15 "lowering_pairs_cpp.bas"
do{
#line 15 "lowering_pairs_cpp.bas"
sub_end();
#line 15 "lowering_pairs_cpp.bas"
if(!qbevent)break;evnt(15);}while(r);
sub_end();
return;
}
==> mainfree.txt <==
qbs_free(__STRING_S);
==> empty: regsf.txt dyninfo.txt inpchain.txt chain.txt onstrig.txt onkey.txt ontimer.txt runline.txt ontimerj.txt onkeyj.txt onstrigj.txt
