---
source: crates/driver/tests/frontend.rs
expression: snap
---
member_access.bas:4:7: error: not supported yet: member access (`TYPE`)
member_access.bas:5:7: error: not supported yet: member access (`TYPE`)
member_access.bas:6:1: error: not supported yet: member access (`TYPE`)
member_access.bas:7:1: error: not supported yet: arrays
member_access.bas:8:10: error: not supported yet: omitted arguments
