---
source: crates/driver/tests/frontend.rs
expression: snap
---
numeric_gate.bas:13:7: error: not supported yet: a constant used as type `_UNSIGNED LONG`
numeric_gate.bas:14:7: error: not supported yet: a FUNCTION result of type `_BYTE`
numeric_gate.bas:15:5: error: not supported yet: a `FOR` variable of type `_UNSIGNED LONG`
numeric_gate.bas:16:13: error: not supported yet: a `SELECT CASE` selector of type `_UNSIGNED _BYTE`
numeric_gate.bas:18:11: error: not supported yet: a `_UNSIGNED _BYTE` value as `ABS`
numeric_gate.bas:19:12: error: not supported yet: a `_UNSIGNED _BYTE` value as `HEX$`
numeric_gate.bas:22:7: error: not supported yet: an argument of the other signedness for this parameter
numeric_gate.bas:23:5: error: cannot store a string in a number variable
numeric_gate.bas:24:6: error: not supported yet: arrays of `_BYTE`
numeric_gate.bas:26:7: error: not supported yet: `_UNSIGNED LONG` members
