---
source: crates/driver/tests/frontend.rs
assertion_line: 107
expression: snap
---
numeric_uses_errors.bas:10:7: error: name already in use: `fs$4`
numeric_uses_errors.bas:11:16: error: not supported yet: `VAL` with the type `_UNSIGNED SINGLE`
numeric_uses_errors.bas:12:12: error: not supported yet: a constant used with another suffix, one of them `_BIT`: `b&`
numeric_uses_errors.bas:13:7: error: not supported yet: a constant used with another suffix, one of them `_BIT`: `plain`3`
numeric_uses_errors.bas:14:1: error: name already in use: `s$5`
numeric_uses_errors.bas:15:7: error: name already in use: `fl$5`
numeric_uses_errors.bas:16:6: error: not supported yet: calling the FUNCTION `fs$5` as a statement
numeric_uses_errors.bas:17:9: error: not supported yet: arrays of `_BIT * 3`
