---
source: crates/driver/tests/frontend.rs
expression: snap
---
==> global.txt <==
template <typename QBL, typename QBR> static inline auto qb_safe_idiv(QBL qb_l,QBR qb_r)->decltype(qb_l/qb_r){if (!qb_r){error(11);return (decltype(qb_l/qb_r))0;}if constexpr (std::is_signed_v<decltype(qb_l/qb_r)>&&std::is_integral_v<decltype(qb_l/qb_r)>){if (qb_r==-1&&qb_l==std::numeric_limits<decltype(qb_l/qb_r)>::min()){error(6);return qb_l;}}return qb_l/qb_r;}
template <typename QBL, typename QBR> static inline auto qb_safe_mod(QBL qb_l,QBR qb_r)->decltype(qb_l%qb_r){if (!qb_r){error(11);return (decltype(qb_l%qb_r))0;}if constexpr (std::is_signed_v<decltype(qb_l%qb_r)>){if (qb_r==-1)return (decltype(qb_l%qb_r))0;}return qb_l%qb_r;}
int8 *__BYTE_B1=NULL;
int8 *__BYTE_B2=NULL;
int16 *__INTEGER_I1=NULL;
int16 *__INTEGER_I2=NULL;
int32 *__LONG_L1=NULL;
int32 *__LONG_L2=NULL;
uint32 *__ULONG_UL=NULL;
int64 *__INTEGER64_Q1=NULL;
int64 *__INTEGER64_Q2=NULL;
float *__SINGLE_S1=NULL;
float *__SINGLE_S2=NULL;
double *__DOUBLE_D1=NULL;
double *__DOUBLE_D2=NULL;
long double *__FLOAT_F1=NULL;
long double *__FLOAT_F2=NULL;
ptrszint *__OFFSET_O1=NULL;
ptrszint *__OFFSET_O2=NULL;
qbs *__STRING_A=NULL;
qbs *__STRING_C=NULL;
qbs *__STRING3_X1=NULL;
qbs *__STRING5_X2=NULL;
void *__UDT_R1=NULL;
void *__UDT_R2=NULL;
ptrszint *__ARRAY_LONG_ARR=NULL;
ptrszint *__ARRAY_STRING_SARR=NULL;
ptrszint *__ARRAY_UDT_RARR=NULL;
int32 *__LONG_K=NULL;
int32 console=1;
int32 screen_hide_startup=0;
int32 asserts=0;
int32 vwatch=0;
ptrszint data_size=0;
uint8 *data=(uint8*)calloc(1,1);
==> clear.txt <==
*__BYTE_B1=0;
*__BYTE_B2=0;
*__INTEGER_I1=0;
*__INTEGER_I2=0;
*__LONG_L1=0;
*__LONG_L2=0;
*__ULONG_UL=0;
*__INTEGER64_Q1=0;
*__INTEGER64_Q2=0;
*__SINGLE_S1=0;
*__SINGLE_S2=0;
*__DOUBLE_D1=0;
*__DOUBLE_D2=0;
*__FLOAT_F1=0;
*__FLOAT_F2=0;
*__OFFSET_O1=0;
*__OFFSET_O2=0;
__STRING_A->len=0;
__STRING_C->len=0;
memset((void*)(__STRING3_X1->chr),0,3);
memset((void*)(__STRING5_X2->chr),0,5);
memset((void*)__UDT_R1,0,7);
memset((void*)__UDT_R2,0,7);
memset((void*)(__ARRAY_LONG_ARR[0]),0,__ARRAY_LONG_ARR[5]*4);
tmp_long=__ARRAY_STRING_SARR[5];
while(tmp_long--){
(((qbs**)(__ARRAY_STRING_SARR[0]))[tmp_long])->len=0;
}
memset((void*)(__ARRAY_UDT_RARR[0]),0,__ARRAY_UDT_RARR[5]*7);
*__LONG_K=0;
==> maindata.txt <==
if(__BYTE_B1==NULL){
__BYTE_B1=(int8*)mem_static_malloc(1);
*__BYTE_B1=0;
}
if(__BYTE_B2==NULL){
__BYTE_B2=(int8*)mem_static_malloc(1);
*__BYTE_B2=0;
}
if(__INTEGER_I1==NULL){
__INTEGER_I1=(int16*)mem_static_malloc(2);
*__INTEGER_I1=0;
}
if(__INTEGER_I2==NULL){
__INTEGER_I2=(int16*)mem_static_malloc(2);
*__INTEGER_I2=0;
}
if(__LONG_L1==NULL){
__LONG_L1=(int32*)mem_static_malloc(4);
*__LONG_L1=0;
}
if(__LONG_L2==NULL){
__LONG_L2=(int32*)mem_static_malloc(4);
*__LONG_L2=0;
}
if(__ULONG_UL==NULL){
__ULONG_UL=(uint32*)mem_static_malloc(4);
*__ULONG_UL=0;
}
if(__INTEGER64_Q1==NULL){
__INTEGER64_Q1=(int64*)mem_static_malloc(8);
*__INTEGER64_Q1=0;
}
if(__INTEGER64_Q2==NULL){
__INTEGER64_Q2=(int64*)mem_static_malloc(8);
*__INTEGER64_Q2=0;
}
if(__SINGLE_S1==NULL){
__SINGLE_S1=(float*)mem_static_malloc(4);
*__SINGLE_S1=0;
}
if(__SINGLE_S2==NULL){
__SINGLE_S2=(float*)mem_static_malloc(4);
*__SINGLE_S2=0;
}
if(__DOUBLE_D1==NULL){
__DOUBLE_D1=(double*)mem_static_malloc(8);
*__DOUBLE_D1=0;
}
if(__DOUBLE_D2==NULL){
__DOUBLE_D2=(double*)mem_static_malloc(8);
*__DOUBLE_D2=0;
}
if(__FLOAT_F1==NULL){
__FLOAT_F1=(long double*)mem_static_malloc(32);
*__FLOAT_F1=0;
}
if(__FLOAT_F2==NULL){
__FLOAT_F2=(long double*)mem_static_malloc(32);
*__FLOAT_F2=0;
}
if(__OFFSET_O1==NULL){
__OFFSET_O1=(ptrszint*)mem_static_malloc(8);
*__OFFSET_O1=0;
}
if(__OFFSET_O2==NULL){
__OFFSET_O2=(ptrszint*)mem_static_malloc(8);
*__OFFSET_O2=0;
}
if (!__STRING_A)__STRING_A=qbs_new(0,0);
if (!__STRING_C)__STRING_C=qbs_new(0,0);
if(__STRING3_X1==NULL){
__STRING3_X1=qbs_new_fixed((uint8*)mem_static_malloc(3),3,0);
memset(__STRING3_X1->chr,0,3);
}
if(__STRING5_X2==NULL){
__STRING5_X2=qbs_new_fixed((uint8*)mem_static_malloc(5),5,0);
memset(__STRING5_X2->chr,0,5);
}
if(__UDT_R1==NULL){
__UDT_R1=(void*)mem_static_malloc(7);
memset(__UDT_R1,0,7);
}
if(__UDT_R2==NULL){
__UDT_R2=(void*)mem_static_malloc(7);
memset(__UDT_R2,0,7);
}
if (!__ARRAY_LONG_ARR){
__ARRAY_LONG_ARR=(ptrszint*)mem_static_malloc(9*ptrsz);
new_mem_lock();
mem_lock_tmp->type=4;
((ptrszint*)__ARRAY_LONG_ARR)[8]=(ptrszint)mem_lock_tmp;
__ARRAY_LONG_ARR[4]=0ll;
__ARRAY_LONG_ARR[5]=(3ll)-__ARRAY_LONG_ARR[4]+1;
if (__ARRAY_LONG_ARR[5]<=0) error(5);
__ARRAY_LONG_ARR[6]=1;
__ARRAY_LONG_ARR[0]=(ptrszint)mem_static_malloc(__ARRAY_LONG_ARR[5]*4);
memset((void*)(__ARRAY_LONG_ARR[0]),0,__ARRAY_LONG_ARR[5]*4);
__ARRAY_LONG_ARR[2]=1+2;
}
if (!__ARRAY_STRING_SARR){
__ARRAY_STRING_SARR=(ptrszint*)mem_static_malloc(9*ptrsz);
new_mem_lock();
mem_lock_tmp->type=4;
((ptrszint*)__ARRAY_STRING_SARR)[8]=(ptrszint)mem_lock_tmp;
__ARRAY_STRING_SARR[4]=0ll;
__ARRAY_STRING_SARR[5]=(3ll)-__ARRAY_STRING_SARR[4]+1;
if (__ARRAY_STRING_SARR[5]<=0) error(5);
__ARRAY_STRING_SARR[6]=1;
__ARRAY_STRING_SARR[0]=(ptrszint)mem_static_malloc(__ARRAY_STRING_SARR[5]*ptrsz);
tmp_long=__ARRAY_STRING_SARR[5];
while(tmp_long--){
((qbs**)(__ARRAY_STRING_SARR[0]))[tmp_long]=qbs_new(0,0);
}
__ARRAY_STRING_SARR[2]=1+2;
}
if (!__ARRAY_UDT_RARR){
__ARRAY_UDT_RARR=(ptrszint*)mem_static_malloc(9*ptrsz);
new_mem_lock();
mem_lock_tmp->type=4;
((ptrszint*)__ARRAY_UDT_RARR)[8]=(ptrszint)mem_lock_tmp;
__ARRAY_UDT_RARR[4]=0ll;
__ARRAY_UDT_RARR[5]=(2ll)-__ARRAY_UDT_RARR[4]+1;
if (__ARRAY_UDT_RARR[5]<=0) error(5);
__ARRAY_UDT_RARR[6]=1;
__ARRAY_UDT_RARR[0]=(ptrszint)mem_static_malloc(__ARRAY_UDT_RARR[5]*7);
memset((void*)(__ARRAY_UDT_RARR[0]),0,__ARRAY_UDT_RARR[5]*7);
__ARRAY_UDT_RARR[2]=1+2;
}
if(__LONG_K==NULL){
__LONG_K=(int32*)mem_static_malloc(4);
*__LONG_K=0;
}
==> mainerr.txt <==
if (!error_handler_history) error_handler_history = qbs_new(0, 0);
if (error_occurred){ error_occurred=0;
exit(99);
}
==> main.txt <==
#include "main0.txt"
qbs *func__compdate() {
return qbs_new_txt(__DATE__);
}
qbs *func__comptime() {
return qbs_new_txt(__TIME__);
}
qbs *func__compvers() {
return qbs_new_txt("QB64-PE v4.7.0-GLFW-UNKNOWN");
}
==> main0.txt <==
error_track_line(0,0,NULL);
S_0:;
#line 2 "swap_mid_cpp.bas"
do{
#line 2 "swap_mid_cpp.bas"
sub__dest(func__console());
#line 2 "swap_mid_cpp.bas"
sub__source(func__console());
#line 2 "swap_mid_cpp.bas"
if(!qbevent)break;evnt(2);}while(r);
#line 18 "swap_mid_cpp.bas"
do{
#line 18 "swap_mid_cpp.bas"
swap_8(&*__BYTE_B1,&*__BYTE_B2);
#line 18 "swap_mid_cpp.bas"
if(!qbevent)break;evnt(18);}while(r);
#line 19 "swap_mid_cpp.bas"
do{
#line 19 "swap_mid_cpp.bas"
swap_16(&*__INTEGER_I1,&*__INTEGER_I2);
#line 19 "swap_mid_cpp.bas"
if(!qbevent)break;evnt(19);}while(r);
#line 20 "swap_mid_cpp.bas"
do{
#line 20 "swap_mid_cpp.bas"
swap_32(&*__LONG_L1,&*__ULONG_UL);
#line 20 "swap_mid_cpp.bas"
if(!qbevent)break;evnt(20);}while(r);
#line 21 "swap_mid_cpp.bas"
do{
#line 21 "swap_mid_cpp.bas"
swap_64(&*__INTEGER64_Q1,&*__INTEGER64_Q2);
#line 21 "swap_mid_cpp.bas"
if(!qbevent)break;evnt(21);}while(r);
#line 22 "swap_mid_cpp.bas"
do{
#line 22 "swap_mid_cpp.bas"
swap_32(&*__SINGLE_S1,&*__SINGLE_S2);
#line 22 "swap_mid_cpp.bas"
if(!qbevent)break;evnt(22);}while(r);
#line 23 "swap_mid_cpp.bas"
do{
#line 23 "swap_mid_cpp.bas"
swap_64(&*__DOUBLE_D1,&*__DOUBLE_D2);
#line 23 "swap_mid_cpp.bas"
if(!qbevent)break;evnt(23);}while(r);
#line 24 "swap_mid_cpp.bas"
do{
#line 24 "swap_mid_cpp.bas"
swap_longdouble(&*__FLOAT_F1,&*__FLOAT_F2);
#line 24 "swap_mid_cpp.bas"
if(!qbevent)break;evnt(24);}while(r);
#line 25 "swap_mid_cpp.bas"
do{
#line 25 "swap_mid_cpp.bas"
swap_64(&*__OFFSET_O1,&*__OFFSET_O2);
#line 25 "swap_mid_cpp.bas"
if(!qbevent)break;evnt(25);}while(r);
#line 26 "swap_mid_cpp.bas"
do{
#line 26 "swap_mid_cpp.bas"
swap_string(__STRING_A,__STRING_C);
#line 26 "swap_mid_cpp.bas"
qbs_cleanup(qbs_tmp_base,0);
#line 26 "swap_mid_cpp.bas"
if(!qbevent)break;evnt(26);}while(r);
#line 27 "swap_mid_cpp.bas"
do{
#line 27 "swap_mid_cpp.bas"
swap_string(__STRING3_X1,__STRING5_X2);
#line 27 "swap_mid_cpp.bas"
qbs_cleanup(qbs_tmp_base,0);
#line 27 "swap_mid_cpp.bas"
if(!qbevent)break;evnt(27);}while(r);
#line 28 "swap_mid_cpp.bas"
do{
#line 28 "swap_mid_cpp.bas"
swap_string(__STRING_A,__STRING3_X1);
#line 28 "swap_mid_cpp.bas"
qbs_cleanup(qbs_tmp_base,0);
#line 28 "swap_mid_cpp.bas"
if(!qbevent)break;evnt(28);}while(r);
#line 29 "swap_mid_cpp.bas"
do{
#line 29 "swap_mid_cpp.bas"
swap_block(((char*)__UDT_R2),((char*)__UDT_R1),7);
#line 29 "swap_mid_cpp.bas"
if(!qbevent)break;evnt(29);}while(r);
#line 30 "swap_mid_cpp.bas"
do{
#line 30 "swap_mid_cpp.bas"
swap_32(&((int32*)(__ARRAY_LONG_ARR[0]))[array_check((((int64)(*__LONG_K)))-__ARRAY_LONG_ARR[4],__ARRAY_LONG_ARR[5])],&((int32*)(__ARRAY_LONG_ARR[0]))[array_check((((int64)((*__LONG_K+1))))-__ARRAY_LONG_ARR[4],__ARRAY_LONG_ARR[5])]);
#line 30 "swap_mid_cpp.bas"
if(!qbevent)break;evnt(30);}while(r);
#line 31 "swap_mid_cpp.bas"
do{
#line 31 "swap_mid_cpp.bas"
swap_32(&*__LONG_L1,&((int32*)(__ARRAY_LONG_ARR[0]))[array_check((1ll)-__ARRAY_LONG_ARR[4],__ARRAY_LONG_ARR[5])]);
#line 31 "swap_mid_cpp.bas"
if(!qbevent)break;evnt(31);}while(r);
#line 32 "swap_mid_cpp.bas"
do{
#line 32 "swap_mid_cpp.bas"
swap_string((((qbs**)(__ARRAY_STRING_SARR[0]))[array_check((0ll)-__ARRAY_STRING_SARR[4],__ARRAY_STRING_SARR[5])]),(((qbs**)(__ARRAY_STRING_SARR[0]))[array_check((((int64)(*__LONG_K)))-__ARRAY_STRING_SARR[4],__ARRAY_STRING_SARR[5])]));
#line 32 "swap_mid_cpp.bas"
qbs_cleanup(qbs_tmp_base,0);
#line 32 "swap_mid_cpp.bas"
if(!qbevent)break;evnt(32);}while(r);
#line 33 "swap_mid_cpp.bas"
do{
#line 33 "swap_mid_cpp.bas"
swap_32(&*(int32*)((((char*)__UDT_R1)+0)),&*__LONG_L1);
#line 33 "swap_mid_cpp.bas"
if(!qbevent)break;evnt(33);}while(r);
#line 34 "swap_mid_cpp.bas"
do{
#line 34 "swap_mid_cpp.bas"
swap_string(qbs_new_fixed((uint8*)(((char*)__UDT_R1)+4),3,1),__STRING3_X1);
#line 34 "swap_mid_cpp.bas"
qbs_cleanup(qbs_tmp_base,0);
#line 34 "swap_mid_cpp.bas"
if(!qbevent)break;evnt(34);}while(r);
#line 35 "swap_mid_cpp.bas"
do{
#line 35 "swap_mid_cpp.bas"
swap_block((((char*)__ARRAY_UDT_RARR[0])+((array_check((1ll)-__ARRAY_UDT_RARR[4],__ARRAY_UDT_RARR[5]))*7)),(((char*)__ARRAY_UDT_RARR[0])+((array_check((0ll)-__ARRAY_UDT_RARR[4],__ARRAY_UDT_RARR[5]))*7)),7);
#line 35 "swap_mid_cpp.bas"
if(!qbevent)break;evnt(35);}while(r);
#line 36 "swap_mid_cpp.bas"
do{
#line 36 "swap_mid_cpp.bas"
sub_mid(__STRING_A,3,0,qbs_new_txt_len("XY",2),0);
#line 36 "swap_mid_cpp.bas"
qbs_cleanup(qbs_tmp_base,0);
#line 36 "swap_mid_cpp.bas"
if(!qbevent)break;evnt(36);}while(r);
#line 37 "swap_mid_cpp.bas"
do{
#line 37 "swap_mid_cpp.bas"
sub_mid(__STRING_A,*__LONG_K,2,__STRING_C,1);
#line 37 "swap_mid_cpp.bas"
qbs_cleanup(qbs_tmp_base,0);
#line 37 "swap_mid_cpp.bas"
if(!qbevent)break;evnt(37);}while(r);
#line 38 "swap_mid_cpp.bas"
do{
#line 38 "swap_mid_cpp.bas"
sub_mid(__STRING_A,((int32)(qbr(*__DOUBLE_D1))),((int32)(qbr(*__DOUBLE_D1))),qbs_add(__STRING_C,qbs_new_txt_len("x",1)),1);
#line 38 "swap_mid_cpp.bas"
qbs_cleanup(qbs_tmp_base,0);
#line 38 "swap_mid_cpp.bas"
if(!qbevent)break;evnt(38);}while(r);
#line 39 "swap_mid_cpp.bas"
do{
#line 39 "swap_mid_cpp.bas"
sub_mid(__STRING3_X1,2,0,qbs_new_txt_len("Z",1),0);
#line 39 "swap_mid_cpp.bas"
qbs_cleanup(qbs_tmp_base,0);
#line 39 "swap_mid_cpp.bas"
if(!qbevent)break;evnt(39);}while(r);
#line 40 "swap_mid_cpp.bas"
do{
#line 40 "swap_mid_cpp.bas"
sub_mid((((qbs**)(__ARRAY_STRING_SARR[0]))[array_check((((int64)(*__LONG_K)))-__ARRAY_STRING_SARR[4],__ARRAY_STRING_SARR[5])]),2,2,qbs_new_txt_len("XY",2),1);
#line 40 "swap_mid_cpp.bas"
qbs_cleanup(qbs_tmp_base,0);
#line 40 "swap_mid_cpp.bas"
if(!qbevent)break;evnt(40);}while(r);
#line 41 "swap_mid_cpp.bas"
do{
#line 41 "swap_mid_cpp.bas"
sub_mid(qbs_new_fixed((uint8*)(((char*)__UDT_R1)+4),3,1),2,2,qbs_new_txt_len("XY",2),1);
#line 41 "swap_mid_cpp.bas"
qbs_cleanup(qbs_tmp_base,0);
#line 41 "swap_mid_cpp.bas"
if(!qbevent)break;evnt(41);}while(r);
#line 42 "swap_mid_cpp.bas"
do{
#line 42 "swap_mid_cpp.bas"
sub_randomize(((double)(5)),1);
#line 42 "swap_mid_cpp.bas"
if(!qbevent)break;evnt(42);}while(r);
#line 43 "swap_mid_cpp.bas"
do{
#line 43 "swap_mid_cpp.bas"
sub_randomize(((double)(5)),3);
#line 43 "swap_mid_cpp.bas"
if(!qbevent)break;evnt(43);}while(r);
#line 44 "swap_mid_cpp.bas"
do{
#line 44 "swap_mid_cpp.bas"
sub_randomize(*__DOUBLE_D1,1);
#line 44 "swap_mid_cpp.bas"
if(!qbevent)break;evnt(44);}while(r);
#line 45 "swap_mid_cpp.bas"
do{
#line 45 "swap_mid_cpp.bas"
sub_randomize(((double)(*__LONG_L1)),3);
#line 45 "swap_mid_cpp.bas"
if(!qbevent)break;evnt(45);}while(r);
#line 46 "swap_mid_cpp.bas"
do{
#line 46 "swap_mid_cpp.bas"
sub_randomize(func_timer(NULL,0),1);
#line 46 "swap_mid_cpp.bas"
if(!qbevent)break;evnt(46);}while(r);
#line 47 "swap_mid_cpp.bas"
do{
#line 47 "swap_mid_cpp.bas"
sub_randomize(NULL,0);
#line 47 "swap_mid_cpp.bas"
if(!qbevent)break;evnt(47);}while(r);
#line 48 "swap_mid_cpp.bas"
do{
#line 48 "swap_mid_cpp.bas"
*__DOUBLE_D1=((double)(func_rnd(NULL,0)));
#line 48 "swap_mid_cpp.bas"
if(!qbevent)break;evnt(48);}while(r);
#line 49 "swap_mid_cpp.bas"
do{
#line 49 "swap_mid_cpp.bas"
*__DOUBLE_D1=((double)(func_rnd(1,1)));
#line 49 "swap_mid_cpp.bas"
if(!qbevent)break;evnt(49);}while(r);
#line 50 "swap_mid_cpp.bas"
do{
#line 50 "swap_mid_cpp.bas"
*__DOUBLE_D1=((double)(func_rnd(*__LONG_L1,1)));
#line 50 "swap_mid_cpp.bas"
if(!qbevent)break;evnt(50);}while(r);
#line 51 "swap_mid_cpp.bas"
do{
#line 51 "swap_mid_cpp.bas"
*__DOUBLE_D1=func_timer(NULL,0);
#line 51 "swap_mid_cpp.bas"
if(!qbevent)break;evnt(51);}while(r);
#line 52 "swap_mid_cpp.bas"
do{
#line 52 "swap_mid_cpp.bas"
*__DOUBLE_D1=func_timer(0.001E+0,1);
#line 52 "swap_mid_cpp.bas"
if(!qbevent)break;evnt(52);}while(r);
#line 53 "swap_mid_cpp.bas"
do{
#line 53 "swap_mid_cpp.bas"
*__DOUBLE_D1=func_timer(((double)(*__LONG_L1)),1);
#line 53 "swap_mid_cpp.bas"
if(!qbevent)break;evnt(53);}while(r);
#line 54 "swap_mid_cpp.bas"
do{
#line 54 "swap_mid_cpp.bas"
tqbs=qbs_new(0,0);
#line 54 "swap_mid_cpp.bas"
qbs_set(tqbs,qbs_add(qbs_str((float)(func_rnd(NULL,0))),qbs_new_txt(" ")));
#line 54 "swap_mid_cpp.bas"
if (is_error_pending()) goto skip1;
#line 54 "swap_mid_cpp.bas"
makefit(tqbs);
#line 54 "swap_mid_cpp.bas"
qbs_print(tqbs,0);
#line 54 "swap_mid_cpp.bas"
qbs_set(tqbs,qbs_add(qbs_str((float)(((float)(func_timer(NULL,0))))),qbs_new_txt(" ")));
#line 54 "swap_mid_cpp.bas"
if (is_error_pending()) goto skip1;
#line 54 "swap_mid_cpp.bas"
makefit(tqbs);
#line 54 "swap_mid_cpp.bas"
qbs_print(tqbs,0);
#line 54 "swap_mid_cpp.bas"
qbs_set(tqbs,qbs_add(qbs_str((float)(((float)(func_timer(0.001E+0,1))))),qbs_new_txt(" ")));
#line 54 "swap_mid_cpp.bas"
if (is_error_pending()) goto skip1;
#line 54 "swap_mid_cpp.bas"
makefit(tqbs);
#line 54 "swap_mid_cpp.bas"
qbs_print(tqbs,0);
#line 54 "swap_mid_cpp.bas"
qbs_print(nothingstring,1);
#line 54 "swap_mid_cpp.bas"
skip1:
#line 54 "swap_mid_cpp.bas"
qbs_free(tqbs);
#line 54 "swap_mid_cpp.bas"
qbs_cleanup(qbs_tmp_base,0);
#line 54 "swap_mid_cpp.bas"
if(!qbevent)break;evnt(54);}while(r);
#line 55 "swap_mid_cpp.bas"
do{
#line 55 "swap_mid_cpp.bas"
*__SINGLE_S1=(func_rnd(NULL,0)*((float)(2)));
#line 55 "swap_mid_cpp.bas"
if(!qbevent)break;evnt(55);}while(r);
#line 56 "swap_mid_cpp.bas"
do{
#line 56 "swap_mid_cpp.bas"
if (sub_gl_called) error(271);
#line 56 "swap_mid_cpp.bas"
close_program=1;
#line 56 "swap_mid_cpp.bas"
end();
#line 56 "swap_mid_cpp.bas"
if(!qbevent)break;evnt(56);}while(r);
sub_end();
return;
}
==> mainfree.txt <==
qbs_free(__STRING_A);
qbs_free(__STRING_C);
qbs_free(__STRING3_X1);
qbs_free(__STRING5_X2);
==> empty: regsf.txt dyninfo.txt inpchain.txt chain.txt onstrig.txt onkey.txt ontimer.txt runline.txt ontimerj.txt onkeyj.txt onstrigj.txt
