---
source: crates/driver/tests/frontend.rs
assertion_line: 100
expression: snap
---
unsupported.bas:4:1: error: `FOR` is not supported yet
unsupported.bas:5:9: error: operator `^` is not supported yet
unsupported.bas:6:5: error: `a(...)`: arrays and functions are not supported yet
unsupported.bas:7:17: error: fixed-length strings are not supported yet
unsupported.bas:8:1: error: `IF` is not supported yet
unsupported.bas:8:30: error: operator `MOD` is not supported yet
unsupported.bas:9:11: error: this operator cannot be used on strings
unsupported.bas:10:6: error: cannot store a string in a number variable
unsupported.bas:11:1: error: `END IF` is not supported yet
