---
source: crates/syntax/tests/parser.rs
expression: "tree(\"SYSTEM\\nsystem: END\\nSYSTEM 3\\n\")"
---
SourceFile 0..28
  SystemStmt 0..6
    Ident SYSTEM
  Newline \x0A
  SystemStmt 7..13
    Ident system
  Colon :
  Whitespace  
  EndStmt 15..18
    Ident END
  Newline \x0A
  SystemStmt 19..27
    Ident SYSTEM
    Whitespace  
    Literal 26..27
      Number 3
  Newline \x0A
