---
source: crates/syntax/tests/parser.rs
expression: "tree(\"ON ERROR GOTO\\nON ERROR RESUME NEXT\\nON TIMER(1) GOSUB t\\nRESUME NEXT x\\nERROR\\nON ERROR GOTO h 1\\nON\\nON ERROR\\n\")"
---
SourceFile 0..105
  OnErrorStmt 0..13
    Ident ON
    Whitespace  
    Ident ERROR
    Whitespace  
    Ident GOTO
  Newline \x0A
  Error 14..34
    Ident ON
    Whitespace  
    Ident ERROR
    Whitespace  
    Ident RESUME
    Whitespace  
    Ident NEXT
  Newline \x0A
  OnEventStmt 35..54
    Ident ON
    Whitespace  
    Ident TIMER
    ArgList 43..46
      LParen (
      Literal 44..45
        Number 1
      RParen )
    Whitespace  
    Ident GOSUB
    Whitespace  
    Ident t
  Newline \x0A
  ResumeStmt 55..68
    Ident RESUME
    Whitespace  
    Ident NEXT
    Whitespace  
    Error 67..68
      Ident x
  Newline \x0A
  ErrorStmt 69..74
    Ident ERROR
  Newline \x0A
  OnErrorStmt 75..92
    Ident ON
    Whitespace  
    Ident ERROR
    Whitespace  
    Ident GOTO
    Whitespace  
    Ident h
    Whitespace  
    Error 91..92
      Number 1
  Newline \x0A
  OnJumpStmt 93..95
    Ident ON
  Newline \x0A
  Error 96..104
    Ident ON
    Whitespace  
    Ident ERROR
  Newline \x0A
t.bas:1:14: error: expected a label or `0` after `ON ERROR GOTO`
t.bas:2:1: error: not supported yet: `ON ERROR RESUME`
t.bas:4:13: error: expected the end of the statement
t.bas:5:6: error: expected an expression
t.bas:6:17: error: expected the end of the statement
t.bas:7:3: error: expected an expression
t.bas:8:1: error: expected `GOTO` after `ON ERROR`
