---
source: crates/syntax/tests/parser.rs
expression: "tree(\"10 lab: PRINT 1\\nWHILE a: s: WEND\\n\")"
---
SourceFile 0..33
  LineNumber 0..2
    Number 10
  Whitespace  
  LabelDef 3..7
    Ident lab
    Colon :
  Whitespace  
  PrintStmt 8..15
    Ident PRINT
    Whitespace  
    Literal 14..15
      Number 1
  Newline \x0A
  WhileBlock 16..33
    WhileHeader 16..23
      Ident WHILE
      Whitespace  
      NameRef 22..23
        Ident a
    Colon :
    Whitespace  
    CallStmt 25..26
      NameRef 25..26
        Ident s
    Colon :
    Whitespace  
    BlockEnd 28..32
      Ident WEND
    Newline \x0A
