---
source: crates/syntax/tests/parser.rs
expression: "tree(\"handler:\\nback: PRINT 1\\na: b.c: PRINT 2\\nx$: PRINT 3\\nEND: SYSTEM:\\n\")"
---
SourceFile 0..64
  LabelDef 0..8
    Ident handler
    Colon :
  Newline \x0A
  LabelDef 9..14
    Ident back
    Colon :
  Whitespace  
  PrintStmt 15..22
    Ident PRINT
    Whitespace  
    Literal 21..22
      Number 1
  Newline \x0A
  LabelDef 23..25
    Ident a
    Colon :
  Whitespace  
  LabelDef 26..30
    Ident b.c
    Colon :
  Whitespace  
  PrintStmt 31..38
    Ident PRINT
    Whitespace  
    Literal 37..38
      Number 2
  Newline \x0A
  CallStmt 39..41
    NameRef 39..41
      Ident x$
  Colon :
  Whitespace  
  PrintStmt 43..50
    Ident PRINT
    Whitespace  
    Literal 49..50
      Number 3
  Newline \x0A
  EndStmt 51..54
    Ident END
  Colon :
  Whitespace  
  SystemStmt 56..62
    Ident SYSTEM
  Colon :
  Newline \x0A
