---
source: crates/syntax/tests/parser.rs
assertion_line: 166
expression: "tree(\"x = a MOD b\\nIF a < b THEN\\nPRINT #1, x\\nx = 5 TO 6\\nx = 5 6\\n\")"
---
SourceFile 0..57
  AssignStmt 0..11
    NameRef 0..1
      Ident x
    Whitespace  
    Eq =
    Whitespace  
    BinExpr 4..11
      NameRef 4..5
        Ident a
      Whitespace  
      Ident MOD
      Whitespace  
      NameRef 10..11
        Ident b
  Newline \x0A
  Error 12..25
    Ident IF
    Whitespace  
    Ident a
    Whitespace  
    Lt <
    Whitespace  
    Ident b
    Whitespace  
    Ident THEN
  Newline \x0A
  PrintStmt 26..37
    Ident PRINT
    Whitespace  
    Error 32..37
      Hash #
      Number 1
      Comma ,
      Whitespace  
      Ident x
  Newline \x0A
  AssignStmt 38..48
    NameRef 38..39
      Ident x
    Whitespace  
    Eq =
    Whitespace  
    Literal 42..43
      Number 5
    Whitespace  
    Error 44..48
      Ident TO
      Whitespace  
      Number 6
  Newline \x0A
  AssignStmt 49..56
    NameRef 49..50
      Ident x
    Whitespace  
    Eq =
    Whitespace  
    Literal 53..54
      Number 5
    Whitespace  
    Error 55..56
      Number 6
  Newline \x0A
t.bas:2:1: error: not supported yet: statement `IF`
t.bas:3:7: error: not supported yet: `PRINT #`
t.bas:4:7: error: not supported yet: word `TO` (expected the end of the statement)
t.bas:5:7: error: expected the end of the statement
