---
source: crates/syntax/tests/parser.rs
expression: "tree(\"x = 1\\nCONST c = 3: PRINT i\\nPRINT x\\nPRINT x;\\nPRINT (2\\nEND\\n\")"
---
SourceFile 0..57
  AssignStmt 0..5
    NameRef 0..1
      Ident x
    Whitespace  
    Eq =
    Whitespace  
    Literal 4..5
      Number 1
  Newline \x0A
  Error 6..17
    Ident CONST
    Whitespace  
    Ident c
    Whitespace  
    Eq =
    Whitespace  
    Number 3
  Colon :
  Whitespace  
  PrintStmt 19..26
    Ident PRINT
    Whitespace  
    NameRef 25..26
      Ident i
  Newline \x0A
  PrintStmt 27..34
    Ident PRINT
    Whitespace  
    NameRef 33..34
      Ident x
  Newline \x0A
  PrintStmt 35..43
    Ident PRINT
    Whitespace  
    NameRef 41..42
      Ident x
    Semicolon ;
  Newline \x0A
  PrintStmt 44..52
    Ident PRINT
    Whitespace  
    ParenExpr 50..52
      LParen (
      Literal 51..52
        Number 2
  Newline \x0A
  EndStmt 53..56
    Ident END
  Newline \x0A
t.bas:2:1: error: not supported yet: statement `CONST`
t.bas:5:9: error: expected `)`
