---
source: crates/syntax/tests/parser.rs
expression: "tree(\"x = 1\\nREDIM c(3): PRINT i\\nPRINT x\\nPRINT x;\\nPRINT (2\\nEND\\n\")"
---
SourceFile 0..56
  AssignStmt 0..5
    NameRef 0..1
      Ident x
    Whitespace  
    Eq =
    Whitespace  
    Literal 4..5
      Number 1
  Newline \x0A
  RedimStmt 6..16
    Ident REDIM
    Whitespace  
    DimItem 12..16
      Ident c
      ArrayBounds 13..16
        LParen (
        Literal 14..15
          Number 3
        RParen )
  Colon :
  Whitespace  
  PrintStmt 18..25
    Ident PRINT
    Whitespace  
    NameRef 24..25
      Ident i
  Newline \x0A
  PrintStmt 26..33
    Ident PRINT
    Whitespace  
    NameRef 32..33
      Ident x
  Newline \x0A
  PrintStmt 34..42
    Ident PRINT
    Whitespace  
    NameRef 40..41
      Ident x
    Semicolon ;
  Newline \x0A
  PrintStmt 43..51
    Ident PRINT
    Whitespace  
    ParenExpr 49..51
      LParen (
      Literal 50..51
        Number 2
  Newline \x0A
  EndStmt 52..55
    Ident END
  Newline \x0A
t.bas:5:9: error: expected `)`
