---
source: crates/syntax/tests/parser.rs
assertion_line: 94
expression: "tree(\"a(1) = 2\\nEXIT FOR\\nDECLARE LIBRARY\\n\")"
---
SourceFile 0..34
  AssignStmt 0..8
    Error 0..8
      Ident a
      LParen (
      Number 1
      RParen )
      Whitespace  
      Eq =
      Whitespace  
      Number 2
  Newline \x0A
  Error 9..17
    Ident EXIT
    Whitespace  
    Ident FOR
  Newline \x0A
  Error 18..33
    Ident DECLARE
    Whitespace  
    Ident LIBRARY
  Newline \x0A
t.bas:1:1: error: not supported yet: arrays
t.bas:2:1: error: not supported yet: `EXIT FOR`
t.bas:3:1: error: not supported yet: `DECLARE LIBRARY`
